<html>
<body>
<pre>
<h1>礦ision Build Log</h1>
<h2>Project:</h2>
C:\Users\sws\Desktop\实验室工作\项目\Keil_workspace\STM32RET6_corepro_v2\USER\TEST.uvproj
Project File Date:  05/19/2014

<h2>Output:</h2>
Rebuild target 'Target 1'
assembling STM32F10x.s...
compiling test.c...
test.c(45): warning:  #177-D: variable "i" was declared but never referenced
test.c(47): warning:  #177-D: variable "vol" was declared but never referenced
test.c(49): warning:  #177-D: variable "flag1" was declared but never referenced
test.c(51): warning:  #177-D: variable "sensor0" was declared but never referenced
test.c(55): warning:  #177-D: variable "voltage" was declared but never referenced
compiling delay.c...
compiling sys.c...
compiling usart.c...
compiling led.c...
compiling key.c...
compiling wdg.c...
compiling timer.c...
compiling ILI93xx.c...
compiling rtc.c...
compiling wkup.c...
compiling adc.c...
compiling dma.c...
compiling 24cxx.c...
compiling myiic.c...
compiling spi.c...
compiling flash.c...
compiling 24l01.c...
compiling MMC_SD.C...
compiling remote.c...
compiling ds18b20.c...
compiling LM393_Opto.c...
compiling exti.c...
linking...
Program Size: Code=7314 RO-data=294 RW-data=20 ZI-data=620  
FromELF: creating hex file...
"TEST.axf" - 0 Error(s), 5 Warning(s).
Rebuild target 'Target 1'
assembling STM32F10x.s...
compiling test.c...
test.c(45): warning:  #177-D: variable "i" was declared but never referenced
test.c(47): warning:  #177-D: variable "vol" was declared but never referenced
test.c(49): warning:  #177-D: variable "flag1" was declared but never referenced
test.c(51): warning:  #177-D: variable "sensor0" was declared but never referenced
test.c(55): warning:  #177-D: variable "voltage" was declared but never referenced
compiling delay.c...
compiling sys.c...
compiling usart.c...
compiling led.c...
compiling key.c...
compiling wdg.c...
compiling timer.c...
compiling ILI93xx.c...
compiling rtc.c...
compiling wkup.c...
compiling adc.c...
compiling dma.c...
compiling 24cxx.c...
compiling myiic.c...
compiling spi.c...
compiling flash.c...
compiling 24l01.c...
compiling MMC_SD.C...
compiling remote.c...
compiling ds18b20.c...
compiling LM393_Opto.c...
compiling exti.c...
linking...
Program Size: Code=7302 RO-data=294 RW-data=20 ZI-data=620  
FromELF: creating hex file...
"TEST.axf" - 0 Error(s), 5 Warning(s).
Rebuild target 'Target 1'
assembling STM32F10x.s...
compiling test.c...
test.c(45): warning:  #177-D: variable "i" was declared but never referenced
test.c(47): warning:  #177-D: variable "vol" was declared but never referenced
test.c(49): warning:  #177-D: variable "flag1" was declared but never referenced
test.c(51): warning:  #177-D: variable "sensor0" was declared but never referenced
test.c(55): warning:  #177-D: variable "voltage" was declared but never referenced
compiling delay.c...
compiling sys.c...
compiling usart.c...
compiling led.c...
compiling key.c...
compiling wdg.c...
compiling timer.c...
compiling ILI93xx.c...
compiling rtc.c...
compiling wkup.c...
compiling adc.c...
compiling dma.c...
compiling 24cxx.c...
compiling myiic.c...
compiling spi.c...
compiling flash.c...
compiling 24l01.c...
compiling MMC_SD.C...
compiling remote.c...
compiling ds18b20.c...
compiling LM393_Opto.c...
compiling exti.c...
linking...
Program Size: Code=7322 RO-data=294 RW-data=20 ZI-data=620  
FromELF: creating hex file...
"TEST.axf" - 0 Error(s), 5 Warning(s).
Rebuild target 'Target 1'
assembling STM32F10x.s...
compiling test.c...
test.c(45): warning:  #177-D: variable "i" was declared but never referenced
test.c(47): warning:  #177-D: variable "vol" was declared but never referenced
test.c(49): warning:  #177-D: variable "flag1" was declared but never referenced
test.c(51): warning:  #177-D: variable "sensor0" was declared but never referenced
test.c(55): warning:  #177-D: variable "voltage" was declared but never referenced
compiling delay.c...
compiling sys.c...
compiling usart.c...
compiling led.c...
compiling key.c...
compiling wdg.c...
compiling timer.c...
compiling ILI93xx.c...
compiling rtc.c...
compiling wkup.c...
compiling adc.c...
compiling dma.c...
compiling 24cxx.c...
compiling myiic.c...
compiling spi.c...
compiling flash.c...
compiling 24l01.c...
compiling MMC_SD.C...
compiling remote.c...
compiling ds18b20.c...
compiling LM393_Opto.c...
compiling exti.c...
linking...
Program Size: Code=7322 RO-data=294 RW-data=20 ZI-data=620  
FromELF: creating hex file...
"TEST.axf" - 0 Error(s), 5 Warning(s).
